
dnl16@LAPTOP-HMIPG201 MINGW64 ~
$ cd Desktop

dnl16@LAPTOP-HMIPG201 MINGW64 ~/Desktop (master)
$ cd git-practice

dnl16@LAPTOP-HMIPG201 MINGW64 ~/Desktop/git-practice (topic1)
$ git remote -v
origin  git@github.com:tstm2110/git-practice.git (fetch)
origin  git@github.com:tstm2110/git-practice.git (push)

dnl16@LAPTOP-HMIPG201 MINGW64 ~/Desktop/git-practice (topic1)
$ git add README.md
fatal: Unable to create 'C:/Users/dnl16/Desktop/git-practice/.git/index.lock': File exists.

Another git process seems to be running in this repository, e.g.
an editor opened by 'git commit'. Please make sure all processes
are terminated then try again. If it still fails, a git process
may have crashed in this repository earlier:
remove the file manually to continue.

dnl16@LAPTOP-HMIPG201 MINGW64 ~/Desktop/git-practice (topic1)
$ git commit -m "Initial Commit"
fatal: Unable to create 'C:/Users/dnl16/Desktop/git-practice/.git/index.lock': File exists.

Another git process seems to be running in this repository, e.g.
an editor opened by 'git commit'. Please make sure all processes
are terminated then try again. If it still fails, a git process
may have crashed in this repository earlier:
remove the file manually to continue.

dnl16@LAPTOP-HMIPG201 MINGW64 ~/Desktop/git-practice (topic1)
$ git commit
fatal: Unable to create 'C:/Users/dnl16/Desktop/git-practice/.git/index.lock': File exists.

Another git process seems to be running in this repository, e.g.
an editor opened by 'git commit'. Please make sure all processes
are terminated then try again. If it still fails, a git process
may have crashed in this repository earlier:
remove the file manually to continue.

dnl16@LAPTOP-HMIPG201 MINGW64 ~/Desktop/git-practice (topic1)
$ git push origin topic1
Total 0 (delta 0), reused 0 (delta 0), pack-reused 0
To github.com:tstm2110/git-practice.git
   ab178b6..08cf261  topic1 -> topic1

dnl16@LAPTOP-HMIPG201 MINGW64 ~/Desktop/git-practice (topic1)
$ git remote -v
origin  git@github.com:tstm2110/git-practice.git (fetch)
origin  git@github.com:tstm2110/git-practice.git (push)

dnl16@LAPTOP-HMIPG201 MINGW64 ~/Desktop/git-practice (topic1)
$ git init
Reinitialized existing Git repository in C:/Users/dnl16/Desktop/git-practice/.git/

dnl16@LAPTOP-HMIPG201 MINGW64 ~/Desktop/git-practice (topic1)
$ ls -a
./  ../  .git/  README.md

dnl16@LAPTOP-HMIPG201 MINGW64 ~/Desktop/git-practice (topic1)
$ git add README.md
fatal: Unable to create 'C:/Users/dnl16/Desktop/git-practice/.git/index.lock': File exists.

Another git process seems to be running in this repository, e.g.
an editor opened by 'git commit'. Please make sure all processes
are terminated then try again. If it still fails, a git process
may have crashed in this repository earlier:
remove the file manually to continue.

dnl16@LAPTOP-HMIPG201 MINGW64 ~/Desktop/git-practice (topic1)
$ rm .git
rm: cannot remove '.git': Is a directory

dnl16@LAPTOP-HMIPG201 MINGW64 ~/Desktop/git-practice (topic1)
$ rmdir .git
rmdir: failed to remove '.git': Directory not empty

dnl16@LAPTOP-HMIPG201 MINGW64 ~/Desktop/git-practice (topic1)
$ git init
Reinitialized existing Git repository in C:/Users/dnl16/Desktop/git-practice/.git/

dnl16@LAPTOP-HMIPG201 MINGW64 ~/Desktop/git-practice (topic1)
$ git add .
fatal: Unable to create 'C:/Users/dnl16/Desktop/git-practice/.git/index.lock': File exists.

Another git process seems to be running in this repository, e.g.
an editor opened by 'git commit'. Please make sure all processes
are terminated then try again. If it still fails, a git process
may have crashed in this repository earlier:
remove the file manually to continue.

dnl16@LAPTOP-HMIPG201 MINGW64 ~/Desktop/git-practice (topic1)
$ cd .git

dnl16@LAPTOP-HMIPG201 MINGW64 ~/Desktop/git-practice/.git (GIT_DIR!)
$ rm index.lock

dnl16@LAPTOP-HMIPG201 MINGW64 ~/Desktop/git-practice/.git (GIT_DIR!)
$ ls-a
bash: ls-a: command not found

dnl16@LAPTOP-HMIPG201 MINGW64 ~/Desktop/git-practice/.git (GIT_DIR!)
$ ls -a
./  ../  .COMMIT_EDITMSG.swp  COMMIT_EDITMSG  HEAD  config  description  hooks/  index  info/  logs/

dnl16@LAPTOP-HMIPG201 MINGW64 ~/Desktop/git-practice/.git (GIT_DIR!)
$ cd .

dnl16@LAPTOP-HMIPG201 MINGW64 ~/Desktop/git-practice/.git (GIT_DIR!)
$ cd ..

dnl16@LAPTOP-HMIPG201 MINGW64 ~/Desktop/git-practice (topic1)
$ ls -a
./  ../  .git/  README.md

dnl16@LAPTOP-HMIPG201 MINGW64 ~/Desktop/git-practice (topic1)
$ git init
Reinitialized existing Git repository in C:/Users/dnl16/Desktop/git-practice/.git/

dnl16@LAPTOP-HMIPG201 MINGW64 ~/Desktop/git-practice (topic1)
$ git add.
git: 'add.' is not a git command. See 'git --help'.

The most similar command is
        add

dnl16@LAPTOP-HMIPG201 MINGW64 ~/Desktop/git-practice (topic1)
$ git add .

dnl16@LAPTOP-HMIPG201 MINGW64 ~/Desktop/git-practice (topic1)
$ git commit -m"test01"
[topic1 5f22f40] test01
 1 file changed, 1 insertion(+), 1 deletion(-)

dnl16@LAPTOP-HMIPG201 MINGW64 ~/Desktop/git-practice (topic1)
$ git branch -M main

dnl16@LAPTOP-HMIPG201 MINGW64 ~/Desktop/git-practice (main)
$ git push -u origin main
Enumerating objects: 5, done.
Counting objects: 100% (5/5), done.
Writing objects: 100% (3/3), 248 bytes | 82.00 KiB/s, done.
Total 3 (delta 0), reused 0 (delta 0), pack-reused 0
To github.com:tstm2110/git-practice.git
   08cf261..5f22f40  main -> main
Branch 'main' set up to track remote branch 'main' from 'origin'.

dnl16@LAPTOP-HMIPG201 MINGW64 ~/Desktop/git-practice (main)
$ git branch topic1

dnl16@LAPTOP-HMIPG201 MINGW64 ~/Desktop/git-practice (main)
$ git branch -M topic1

dnl16@LAPTOP-HMIPG201 MINGW64 ~/Desktop/git-practice (topic1)
$ git branch
* topic1

dnl16@LAPTOP-HMIPG201 MINGW64 ~/Desktop/git-practice (topic1)
$ git commit -m"test02"
On branch topic1
Your branch is up to date with 'origin/main'.

Changes not staged for commit:
  (use "git add <file>..." to update what will be committed)
  (use "git restore <file>..." to discard changes in working directory)
        modified:   README.md

no changes added to commit (use "git add" and/or "git commit -a")

dnl16@LAPTOP-HMIPG201 MINGW64 ~/Desktop/git-practice (topic1)
$ gti push origin
bash: gti: command not found

dnl16@LAPTOP-HMIPG201 MINGW64 ~/Desktop/git-practice (topic1)
$ gti push origin topic1
bash: gti: command not found

dnl16@LAPTOP-HMIPG201 MINGW64 ~/Desktop/git-practice (topic1)
$ git push origin topic1
Total 0 (delta 0), reused 0 (delta 0), pack-reused 0
To github.com:tstm2110/git-practice.git
   08cf261..5f22f40  topic1 -> topic1

dnl16@LAPTOP-HMIPG201 MINGW64 ~/Desktop/git-practice (topic1)
$ git branch
* topic1

dnl16@LAPTOP-HMIPG201 MINGW64 ~/Desktop/git-practice (topic1)
$ git branch main

dnl16@LAPTOP-HMIPG201 MINGW64 ~/Desktop/git-practice (topic1)
$ git branch
  main
* topic1

dnl16@LAPTOP-HMIPG201 MINGW64 ~/Desktop/git-practice (topic1)
$ git checkout main
Switched to branch 'main'
M       README.md

dnl16@LAPTOP-HMIPG201 MINGW64 ~/Desktop/git-practice (main)
$ git branch
* main
  topic1

dnl16@LAPTOP-HMIPG201 MINGW64 ~/Desktop/git-practice (main)
$ git add .

dnl16@LAPTOP-HMIPG201 MINGW64 ~/Desktop/git-practice (main)
$ git commit -m "main"
[main cc7dd9b] main
 1 file changed, 3 insertions(+), 1 deletion(-)

dnl16@LAPTOP-HMIPG201 MINGW64 ~/Desktop/git-practice (main)
$ git push origin main
Enumerating objects: 5, done.
Counting objects: 100% (5/5), done.
Writing objects: 100% (3/3), 256 bytes | 85.00 KiB/s, done.
Total 3 (delta 0), reused 0 (delta 0), pack-reused 0
To github.com:tstm2110/git-practice.git
   5f22f40..cc7dd9b  main -> main

dnl16@LAPTOP-HMIPG201 MINGW64 ~/Desktop/git-practice (main)
$ git checkout topic1
Switched to branch 'topic1'
Your branch is behind 'origin/main' by 1 commit, and can be fast-forwarded.
  (use "git pull" to update your local branch)

dnl16@LAPTOP-HMIPG201 MINGW64 ~/Desktop/git-practice (topic1)
$ git branch
  main
* topic1

dnl16@LAPTOP-HMIPG201 MINGW64 ~/Desktop/git-practice (topic1)
$ git add .

dnl16@LAPTOP-HMIPG201 MINGW64 ~/Desktop/git-practice (topic1)
$ git commit -m
error: switch `m' requires a value

dnl16@LAPTOP-HMIPG201 MINGW64 ~/Desktop/git-practice (topic1)
$ git commit -m "topic1"
[topic1 0e3719d] topic1
 1 file changed, 4 insertions(+), 1 deletion(-)

dnl16@LAPTOP-HMIPG201 MINGW64 ~/Desktop/git-practice (topic1)
$ git push origin topic1
Enumerating objects: 5, done.
Counting objects: 100% (5/5), done.
Writing objects: 100% (3/3), 261 bytes | 65.00 KiB/s, done.
Total 3 (delta 0), reused 0 (delta 0), pack-reused 0
To github.com:tstm2110/git-practice.git
   5f22f40..0e3719d  topic1 -> topic1

dnl16@LAPTOP-HMIPG201 MINGW64 ~/Desktop/git-practice (topic1)
$ pwd
/c/Users/dnl16/Desktop/git-practice

dnl16@LAPTOP-HMIPG201 MINGW64 ~/Desktop/git-practice (topic1)
$ cd /c/Users/dnl16/OneDrive/デスクトップ/DMMカリキュラム/chapter10_exercise

dnl16@LAPTOP-HMIPG201 MINGW64 ~/OneDrive/デスクトップ/DMMカリキュラム/chapter10_exercise
$ ls
guide-sp.png  img/  index.html  sample-sp.png  style.css

dnl16@LAPTOP-HMIPG201 MINGW64 ~/OneDrive/デスクトップ/DMMカリキュラム/chapter10_exercise
$ git init
Initialized empty Git repository in C:/Users/dnl16/OneDrive/デスクトップ/DMMカリキュラム/chapter10_exercise/.git/

dnl16@LAPTOP-HMIPG201 MINGW64 ~/OneDrive/デスクトップ/DMMカリキュラム/chapter10_exercise (master)
$ git add .

dnl16@LAPTOP-HMIPG201 MINGW64 ~/OneDrive/デスクトップ/DMMカリキュラム/chapter10_exercise (master)
$ git commit -m"chapter10"
[master (root-commit) 179aa29] chapter10
 7 files changed, 122 insertions(+)
 create mode 100644 guide-sp.png
 create mode 100644 img/flow01.png
 create mode 100644 img/flow02.png
 create mode 100644 img/flow03.png
 create mode 100644 index.html
 create mode 100644 sample-sp.png
 create mode 100644 style.css

dnl16@LAPTOP-HMIPG201 MINGW64 ~/OneDrive/デスクトップ/DMMカリキュラム/chapter10_exercise (master)
$ git branch -m main

dnl16@LAPTOP-HMIPG201 MINGW64 ~/OneDrive/デスクトップ/DMMカリキュラム/chapter10_exercise (main)
$ git branch
* main

dnl16@LAPTOP-HMIPG201 MINGW64 ~/OneDrive/デスクトップ/DMMカリキュラム/chapter10_exercise (main)
$ git remote add origin https://github.com/tstm2110/Chapter10.git
bash: $'\302\226\302\226git': command not found

dnl16@LAPTOP-HMIPG201 MINGW64 ~/OneDrive/デスクトップ/DMMカリキュラム/chapter10_exercise (main)
$ git remote add origin https://github.com/tstm2110/Chapter10.git

dnl16@LAPTOP-HMIPG201 MINGW64 ~/OneDrive/デスクトップ/DMMカリキュラム/chapter10_exercise (main)
$ git push -u origin main
Logon failed, use ctrl+c to cancel basic credential prompt.
remote: Support for password authentication was removed on August 13, 2021. Please use a personal access token instead.
remote: Please see https://github.blog/2020-12-15-token-authentication-requirements-for-git-operations/ for more information.
fatal: Authentication failed for 'https://github.com/tstm2110/Chapter10.git/'

dnl16@LAPTOP-HMIPG201 MINGW64 ~/OneDrive/デスクトップ/DMMカリキュラム/chapter10_exercise (main)
$ git remote set-url origin https://tstm2110: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@github.com/tstm2110/Chapter10.git

dnl16@LAPTOP-HMIPG201 MINGW64 ~/OneDrive/デスクトップ/DMMカリキュラム/chapter10_exercise (main)
$ git push -u origin main
Enumerating objects: 10, done.
Counting objects: 100% (10/10), done.
Delta compression using up to 8 threads
Compressing objects: 100% (10/10), done.
Writing objects: 100% (10/10), 1.82 MiB | 2.26 MiB/s, done.
Total 10 (delta 0), reused 0 (delta 0), pack-reused 0
To https://github.com/tstm2110/Chapter10.git
 * [new branch]      main -> main
Branch 'main' set up to track remote branch 'main' from 'origin'.

dnl16@LAPTOP-HMIPG201 MINGW64 ~/OneDrive/デスクトップ/DMMカリキュラム/chapter10_exercise (main)
$
